2026-06-05 18:35:40,064 write_text text='ahora sí'
2026-06-05 18:35:40,065 sendmessage sent 8 chars
2026-06-05 18:35:49,052 write_text text='a mil novecientos noventa y cinco nació david un g'
2026-06-05 18:35:49,068 sendmessage sent 86 chars
2026-06-05 18:35:50,851 write_text text='y pasión'
2026-06-05 18:35:50,853 sendmessage sent 8 chars
2026-06-05 18:35:58,952 write_text text='luchó contra los grandes guerreros del pueblo egip'
2026-06-05 18:35:58,959 sendmessage sent 52 chars
2026-06-05 18:36:06,252 write_text text='como lo regla'
2026-06-05 18:36:06,257 sendmessage sent 13 chars
2026-06-05 18:36:08,252 write_text text='puesto juntos claro'
2026-06-05 18:36:08,255 sendmessage sent 19 chars
2026-06-05 18:36:11,352 write_text text='si tarda un poco podría arreglarlo'
2026-06-05 18:36:11,359 sendmessage sent 34 chars
2026-06-05 18:36:14,052 write_text text='pero da igual el día fácil ya'
2026-06-05 18:36:14,058 sendmessage sent 29 chars
2026-06-05 18:36:19,052 write_text text='también deberías corregir después del espacio'
2026-06-05 18:36:19,061 sendmessage sent 45 chars
2026-06-05 18:36:26,452 write_text text='ya pero ejemplo porque luego de que el técnico vay'
2026-06-05 18:36:26,458 sendmessage sent 56 chars
2026-06-05 18:36:30,152 write_text text='escríbelo escríbelo todo'
2026-06-05 18:36:30,155 sendmessage sent 24 chars
2026-06-05 18:36:34,052 write_text text='ya'
2026-06-05 18:36:34,053 sendmessage sent 2 chars
